******************************************************************************
       MSP430 Evaluation Linker PC v3.3.3                      
******************************************************************************
>> Linked Sun Dec 11 22:25:00 2011

OUTPUT FILE NAME:   <EZ_MSGEQ7_SENDER.out>
ENTRY POINT SYMBOL: "_c_int00"  address: 00008482


MEMORY CONFIGURATION

         name            origin    length      used     unused   attr    fill
----------------------  --------  ---------  --------  --------  ----  --------
  SFR                   00000000   00000010  00000000  00000010  RWIX
  PERIPHERALS_8BIT      00000010   000000f0  00000000  000000f0  RWIX
  PERIPHERALS_16BIT     00000100   00000100  00000000  00000100  RWIX
  RAM                   00000200   00000400  0000007f  00000381  RWIX
  INFOD                 00001000   00000040  00000000  00000040  RWIX
  INFOC                 00001040   00000040  00000000  00000040  RWIX
  INFOB                 00001080   00000040  00000000  00000040  RWIX
  INFOA                 000010c0   00000040  00000000  00000040  RWIX
  FLASH                 00008000   00007fde  00000562  00007a7c  RWIX
  INT00                 0000ffe0   00000002  00000000  00000002  RWIX
  INT01                 0000ffe2   00000002  00000000  00000002  RWIX
  INT02                 0000ffe4   00000002  00000000  00000002  RWIX
  INT03                 0000ffe6   00000002  00000000  00000002  RWIX
  INT04                 0000ffe8   00000002  00000000  00000002  RWIX
  INT05                 0000ffea   00000002  00000000  00000002  RWIX
  INT06                 0000ffec   00000002  00000000  00000002  RWIX
  INT07                 0000ffee   00000002  00000000  00000002  RWIX
  INT08                 0000fff0   00000002  00000000  00000002  RWIX
  INT09                 0000fff2   00000002  00000000  00000002  RWIX
  INT10                 0000fff4   00000002  00000000  00000002  RWIX
  INT11                 0000fff6   00000002  00000000  00000002  RWIX
  INT12                 0000fff8   00000002  00000000  00000002  RWIX
  INT13                 0000fffa   00000002  00000000  00000002  RWIX
  INT14                 0000fffc   00000002  00000000  00000002  RWIX
  RESET                 0000fffe   00000002  00000002  00000000  RWIX


SECTION ALLOCATION MAP

 output                                  attributes/
section   page    origin      length       input sections
--------  ----  ----------  ----------   ----------------
.pinit     0    00008000    00000000     UNINITIALIZED

.bss       0    00000200    0000002f     UNINITIALIZED
                  00000200    00000024     main.obj (.bss)
                  00000224    00000004     rts430.lib : _lock.obj (.bss)
                  00000228    00000004                : boot.obj (.bss)
                  0000022c    00000003     CC2500.obj (.bss)

.stack     0    000005b0    00000050     UNINITIALIZED
                  000005b0    00000002     rts430.lib : boot.obj (.stack)
                  000005b2    0000004e     --HOLE--

.text      0    00008000    0000054e     
                  00008000    00000192     CC2500.obj (.text:writeRFSettings)
                  00008192    00000188     main.obj (.text:main)
                  0000831a    00000046     rts430.lib : autoinit.obj (.text:_auto_init)
                  00008360    00000044     TI_CC_spi.obj (.text:TI_CC_SPIWriteBurstReg)
                  000083a4    00000032     TI_CC_spi.obj (.text:TI_CC_PowerupResetCCxxxx)
                  000083d6    0000002e     TI_CC_spi.obj (.text:TI_CC_SPISetup)
                  00008404    0000002c     TI_CC_spi.obj (.text:TI_CC_SPIWriteReg)
                  00008430    0000002c     rts430.lib : div16s.obj (.text)
                  0000845c    00000026     CC2500.obj (.text:RFSendPacket)
                  00008482    00000026     rts430.lib : boot.obj (.text:_c_int00_noexit)
                  000084a8    0000001e     TI_CC_spi.obj (.text:TI_CC_SPIStrobe)
                  000084c6    00000016     main.obj (.text:delay)
                  000084dc    00000016     main.obj (.text:get_result)
                  000084f2    00000016     rts430.lib : div16u.obj (.text)
                  00008508    00000014     main.obj (.text:init_adc)
                  0000851c    00000012     rts430.lib : memcpy.obj (.text:memcpy)
                  0000852e    00000010                : epilog.obj (.text)
                  0000853e    00000006     main.obj (.text:start_conversion)
                  00008544    00000004     rts430.lib : pre_init.obj (.text:_system_pre_init)
                  00008548    00000004                : exit.obj (.text:abort)
                  0000854c    00000002                : _lock.obj (.text:_nop)

.cinit     0    0000854e    00000014     
                  0000854e    0000000b     CC2500.obj (.cinit)
                  00008559    00000001     --HOLE-- [fill = 0]
                  0000855a    00000006     main.obj (.cinit)
                  00008560    00000002     --HOLE-- [fill = 0]

.reset     0    0000fffe    00000002     
                  0000fffe    00000002     rts430.lib : boot.obj (.reset)


GLOBAL SYMBOLS: SORTED ALPHABETICALLY BY Name 

address    name
--------   ----
00000200   .bss
00008000   .text
0000004a   ADC10AE0
0000004b   ADC10AE1
000001b0   ADC10CTL0
000001b2   ADC10CTL1
00000048   ADC10DTC0
00000049   ADC10DTC1
000001b4   ADC10MEM
000001bc   ADC10SA
00000057   BCSCTL1
00000058   BCSCTL2
00000053   BCSCTL3
00008548   C$$EXIT
000010fb   CALBC1_12MHZ
000010f9   CALBC1_16MHZ
000010ff   CALBC1_1MHZ
000010fd   CALBC1_8MHZ
000010fa   CALDCO_12MHZ
000010f8   CALDCO_16MHZ
000010fe   CALDCO_1MHZ
000010fc   CALDCO_8MHZ
00000056   DCOCTL
00000128   FCTL1
0000012a   FCTL2
0000012c   FCTL3
00000000   IE1
00000001   IE2
00000002   IFG1
00000003   IFG2
000000c0   OA0CTL0
000000c1   OA0CTL1
000000c2   OA1CTL0
000000c3   OA1CTL1
00000022   P1DIR
00000025   P1IE
00000024   P1IES
00000023   P1IFG
00000020   P1IN
00000021   P1OUT
00000027   P1REN
00000026   P1SEL
0000002a   P2DIR
0000002d   P2IE
0000002c   P2IES
0000002b   P2IFG
00000028   P2IN
00000029   P2OUT
0000002f   P2REN
0000002e   P2SEL
0000001a   P3DIR
00000018   P3IN
00000019   P3OUT
00000010   P3REN
0000001b   P3SEL
0000001e   P4DIR
0000001c   P4IN
0000001d   P4OUT
00000011   P4REN
0000001f   P4SEL
0000845c   RFSendPacket
00000172   TACCR0
00000174   TACCR1
00000176   TACCR2
00000162   TACCTL0
00000164   TACCTL1
00000166   TACCTL2
00000160   TACTL
0000012e   TAIV
00000170   TAR
00000192   TBCCR0
00000194   TBCCR1
00000196   TBCCR2
00000182   TBCCTL0
00000184   TBCCTL1
00000186   TBCCTL2
00000180   TBCTL
0000011e   TBIV
00000190   TBR
000083a4   TI_CC_PowerupResetCCxxxx
000083d6   TI_CC_SPISetup
000084a8   TI_CC_SPIStrobe
00008360   TI_CC_SPIWriteBurstReg
00008404   TI_CC_SPIWriteReg
0000005d   UCA0ABCTL
00000062   UCA0BR0
00000063   UCA0BR1
00000060   UCA0CTL0
00000061   UCA0CTL1
0000005f   UCA0IRRCTL
0000005e   UCA0IRTCTL
00000064   UCA0MCTL
00000066   UCA0RXBUF
00000065   UCA0STAT
00000067   UCA0TXBUF
0000006a   UCB0BR0
0000006b   UCB0BR1
00000068   UCB0CTL0
00000069   UCB0CTL1
0000006c   UCB0I2CIE
00000118   UCB0I2COA
0000011a   UCB0I2CSA
0000006e   UCB0RXBUF
0000006d   UCB0STAT
0000006f   UCB0TXBUF
00000120   WDTCTL
00000600   __STACK_END
00000050   __STACK_SIZE
00000001   __TI_args_main
00000001   __TI_auto_init
00000001   __TI_exit
ffffffff   __binit__
00000200   __bss__
ffffffff   __c_args__
0000854e   __cinit__
00008430   __divi
000084f2   __divu
0000022f   __end__
0000854e   __etext__
ffffffff   __pinit__
00008430   __remi
000084f2   __remu
00008000   __text__
0000831a   _auto_init
00008482   _c_int00
00008482   _c_int00_noexit
00000228   _cleanup_ptr
0000022a   _dtors_ptr
00000224   _lock
0000854c   _nop
0000fffe   _reset_vector
000005b0   _stack
00008544   _system_pre_init
00000226   _unlock
00008548   abort
ffffffff   binit
0000854e   cinit
000084c6   delay
00000202   delay_hits
0000022f   end
0000854e   etext
0000853a   func_epilog_1
00008538   func_epilog_2
00008536   func_epilog_3
00008534   func_epilog_4
00008532   func_epilog_5
00008530   func_epilog_6
0000852e   func_epilog_7
000084dc   get_result
00000222   i
00008508   init_adc
00000200   latest_result
00008192   main
0000851c   memcpy
0000022c   paTable
0000022e   paTableLen
ffffffff   pinit
0000853e   start_conversion
00000204   txBuffer
00008000   writeRFSettings


GLOBAL SYMBOLS: SORTED BY Symbol Address 

address    name
--------   ----
00000000   IE1
00000001   IE2
00000001   __TI_args_main
00000001   __TI_auto_init
00000001   __TI_exit
00000002   IFG1
00000003   IFG2
00000010   P3REN
00000011   P4REN
00000018   P3IN
00000019   P3OUT
0000001a   P3DIR
0000001b   P3SEL
0000001c   P4IN
0000001d   P4OUT
0000001e   P4DIR
0000001f   P4SEL
00000020   P1IN
00000021   P1OUT
00000022   P1DIR
00000023   P1IFG
00000024   P1IES
00000025   P1IE
00000026   P1SEL
00000027   P1REN
00000028   P2IN
00000029   P2OUT
0000002a   P2DIR
0000002b   P2IFG
0000002c   P2IES
0000002d   P2IE
0000002e   P2SEL
0000002f   P2REN
00000048   ADC10DTC0
00000049   ADC10DTC1
0000004a   ADC10AE0
0000004b   ADC10AE1
00000050   __STACK_SIZE
00000053   BCSCTL3
00000056   DCOCTL
00000057   BCSCTL1
00000058   BCSCTL2
0000005d   UCA0ABCTL
0000005e   UCA0IRTCTL
0000005f   UCA0IRRCTL
00000060   UCA0CTL0
00000061   UCA0CTL1
00000062   UCA0BR0
00000063   UCA0BR1
00000064   UCA0MCTL
00000065   UCA0STAT
00000066   UCA0RXBUF
00000067   UCA0TXBUF
00000068   UCB0CTL0
00000069   UCB0CTL1
0000006a   UCB0BR0
0000006b   UCB0BR1
0000006c   UCB0I2CIE
0000006d   UCB0STAT
0000006e   UCB0RXBUF
0000006f   UCB0TXBUF
000000c0   OA0CTL0
000000c1   OA0CTL1
000000c2   OA1CTL0
000000c3   OA1CTL1
00000118   UCB0I2COA
0000011a   UCB0I2CSA
0000011e   TBIV
00000120   WDTCTL
00000128   FCTL1
0000012a   FCTL2
0000012c   FCTL3
0000012e   TAIV
00000160   TACTL
00000162   TACCTL0
00000164   TACCTL1
00000166   TACCTL2
00000170   TAR
00000172   TACCR0
00000174   TACCR1
00000176   TACCR2
00000180   TBCTL
00000182   TBCCTL0
00000184   TBCCTL1
00000186   TBCCTL2
00000190   TBR
00000192   TBCCR0
00000194   TBCCR1
00000196   TBCCR2
000001b0   ADC10CTL0
000001b2   ADC10CTL1
000001b4   ADC10MEM
000001bc   ADC10SA
00000200   .bss
00000200   __bss__
00000200   latest_result
00000202   delay_hits
00000204   txBuffer
00000222   i
00000224   _lock
00000226   _unlock
00000228   _cleanup_ptr
0000022a   _dtors_ptr
0000022c   paTable
0000022e   paTableLen
0000022f   __end__
0000022f   end
000005b0   _stack
00000600   __STACK_END
000010f8   CALDCO_16MHZ
000010f9   CALBC1_16MHZ
000010fa   CALDCO_12MHZ
000010fb   CALBC1_12MHZ
000010fc   CALDCO_8MHZ
000010fd   CALBC1_8MHZ
000010fe   CALDCO_1MHZ
000010ff   CALBC1_1MHZ
00008000   .text
00008000   __text__
00008000   writeRFSettings
00008192   main
0000831a   _auto_init
00008360   TI_CC_SPIWriteBurstReg
000083a4   TI_CC_PowerupResetCCxxxx
000083d6   TI_CC_SPISetup
00008404   TI_CC_SPIWriteReg
00008430   __divi
00008430   __remi
0000845c   RFSendPacket
00008482   _c_int00
00008482   _c_int00_noexit
000084a8   TI_CC_SPIStrobe
000084c6   delay
000084dc   get_result
000084f2   __divu
000084f2   __remu
00008508   init_adc
0000851c   memcpy
0000852e   func_epilog_7
00008530   func_epilog_6
00008532   func_epilog_5
00008534   func_epilog_4
00008536   func_epilog_3
00008538   func_epilog_2
0000853a   func_epilog_1
0000853e   start_conversion
00008544   _system_pre_init
00008548   C$$EXIT
00008548   abort
0000854c   _nop
0000854e   __cinit__
0000854e   __etext__
0000854e   cinit
0000854e   etext
0000fffe   _reset_vector
ffffffff   __binit__
ffffffff   __c_args__
ffffffff   __pinit__
ffffffff   binit
ffffffff   pinit

[160 symbols]
